[gd_scene load_steps=2 format=2]

[sub_resource type="Animation" id=1]
