[gd_resource load_steps=1 format=2]

[resource]
list = [ 1, 2.0, "string" ]
map = {
"key": [ "nested", Vector2( 1, 1 ) ]
}
empty = null
escaped = "foo(\"bar\")"
